Known DNSSEC key pairs:
Signer          State      Pub  Sign  DS  KeyID  Flags  Algorithm        DNSKEY Record
child.example.  removed    0    0     -   5555   256    ED25519          child.example. 3600 IN DNSKEY 256 3 15 EEEEEEEEEEE...
example.        active     1    1     1   1111   257    ED25519          example. 3600 IN DNSKEY 257 3 15 AAAAAAAAAAAAAAAAA...
example.        active     1    1     -   2222   256    ED25519          example. 3600 IN DNSKEY 256 3 15 BBBBBBBBBBBBBBBBB...
example.        [foreign]  1    0     -   4444   257    ECDSAP256SHA256  example. 3600 IN DNSKEY 257 3 13 DDDDDDDDDDDDDDDDD...
example.        standby    1    0     0   3333   257    ED25519          example. 3600 IN DNSKEY 257 3 15 CCCCCCCCCCCCCCCCC...
